[2025-08-30T04:54:51+0000] [PACMAN] Running 'pacman -Syu --root /d/a/msys2-installer/msys2-installer/_build/newmsys/msys64'
[2025-08-30T04:54:51+0000] [PACMAN] synchronizing package lists
[2025-08-30T04:54:53+0000] [PACMAN] starting full system upgrade
[2025-08-30T04:54:54+0000] [PACMAN] Running 'pacman -S --noconfirm --root /d/a/msys2-installer/msys2-installer/_build/newmsys/msys64 filesystem msys2-runtime'
[2025-08-30T04:54:56+0000] [ALPM] transaction started
[2025-08-30T04:54:56+0000] [ALPM] installed filesystem (2025.05.08-2)
[2025-08-30T04:54:57+0000] [ALPM] installed msys2-runtime (3.6.4-1)
[2025-08-30T04:54:57+0000] [ALPM] transaction completed
[2025-08-30T04:54:57+0000] [PACMAN] Running 'pacman -S --noconfirm --root /d/a/msys2-installer/msys2-installer/_build/newmsys/msys64 base'
[2025-08-30T04:55:23+0000] [ALPM] transaction started
[2025-08-30T04:55:23+0000] [ALPM] installed bash (5.2.037-2)
[2025-08-30T04:55:24+0000] [ALPM] installed bash-completion (2.16.0-1)
[2025-08-30T04:55:24+0000] [ALPM] installed gcc-libs (15.2.0-1)
[2025-08-30T04:55:24+0000] [ALPM] installed libbz2 (1.0.8-4)
[2025-08-30T04:55:24+0000] [ALPM] installed libintl (0.22.5-1)
[2025-08-30T04:55:24+0000] [ALPM] installed libiconv (1.18-1)
[2025-08-30T04:55:24+0000] [ALPM] installed libexpat (2.7.1-1)
[2025-08-30T04:55:24+0000] [ALPM] installed liblzma (5.8.1-1)
[2025-08-30T04:55:24+0000] [ALPM] installed liblz4 (1.10.0-1)
[2025-08-30T04:55:24+0000] [ALPM] installed libopenssl (3.5.2-1)
[2025-08-30T04:55:25+0000] [ALPM] installed libzstd (1.5.7-1)
[2025-08-30T04:55:25+0000] [ALPM] installed zlib (1.3.1-1)
[2025-08-30T04:55:25+0000] [ALPM] installed bsdtar (3.8.1-1)
[2025-08-30T04:55:25+0000] [ALPM] installed bzip2 (1.0.8-4)
[2025-08-30T04:55:25+0000] [ALPM] installed gmp (6.3.0-2)
[2025-08-30T04:55:25+0000] [ALPM] installed coreutils (8.32-5)
[2025-08-30T04:55:25+0000] [ALPM] installed openssl (3.5.2-1)
[2025-08-30T04:55:25+0000] [ALPM] installed findutils (4.10.0-2)
[2025-08-30T04:55:25+0000] [ALPM] installed sed (4.9-1)
[2025-08-30T04:55:25+0000] [ALPM] installed libffi (3.5.1-1)
[2025-08-30T04:55:33+0000] [ALPM] installed ncurses (6.5.20240831-2)
[2025-08-30T04:55:33+0000] [ALPM] installed libpcre2_8 (10.46-1)
[2025-08-30T04:55:33+0000] [ALPM] installed less (679-1)
[2025-08-30T04:55:33+0000] [ALPM] installed gzip (1.14-1)
[2025-08-30T04:55:33+0000] [ALPM] installed libxcrypt (4.4.38-1)
[2025-08-30T04:55:33+0000] [ALPM] installed info (7.2-2)
[2025-08-30T04:55:33+0000] [ALPM] installed libtasn1 (4.20.0-1)
[2025-08-30T04:55:33+0000] [ALPM] installed libp11-kit (0.25.5-2)
[2025-08-30T04:55:33+0000] [ALPM] installed p11-kit (0.25.5-2)
[2025-08-30T04:55:33+0000] [ALPM] installed ca-certificates (20250419-1)
[2025-08-30T04:55:33+0000] [ALPM] installed brotli (1.1.0-2)
[2025-08-30T04:55:33+0000] [ALPM] installed libdb (6.2.32-5)
[2025-08-30T04:55:34+0000] [ALPM] installed libedit (20240808_3.1-1)
[2025-08-30T04:55:34+0000] [ALPM] installed libsqlite (3.50.4-1)
[2025-08-30T04:55:34+0000] [ALPM] installed heimdal-libs (7.8.0-5)
[2025-08-30T04:55:34+0000] [ALPM] installed libunistring (1.3-1)
[2025-08-30T04:55:34+0000] [ALPM] installed libidn2 (2.3.8-1)
[2025-08-30T04:55:34+0000] [ALPM] installed libnghttp3 (1.11.0-1)
[2025-08-30T04:55:34+0000] [ALPM] installed libngtcp2 (1.15.0-1)
[2025-08-30T04:55:34+0000] [ALPM] installed libnghttp2 (1.66.0-1)
[2025-08-30T04:55:34+0000] [ALPM] installed libpsl (0.21.5-2)
[2025-08-30T04:55:34+0000] [ALPM] installed libssh2 (1.11.1-1)
[2025-08-30T04:55:34+0000] [ALPM] installed libcurl (8.15.0-2)
[2025-08-30T04:55:34+0000] [ALPM] installed curl (8.15.0-2)
[2025-08-30T04:55:34+0000] [ALPM] installed libpcre (8.45-5)
[2025-08-30T04:55:35+0000] [ALPM] installed grep (1~3.0-7)
[2025-08-30T04:55:35+0000] [ALPM] installed dash (0.5.12-1)
[2025-08-30T04:55:35+0000] [ALPM] installed file (5.46-2)
[2025-08-30T04:55:35+0000] [ALPM] installed mpfr (4.2.2-1)
[2025-08-30T04:55:35+0000] [ALPM] installed libreadline (8.3.001-1)
[2025-08-30T04:55:35+0000] [ALPM] installed gawk (5.3.2-1)
[2025-08-30T04:55:35+0000] [ALPM] installed libargp (20241207-1)
[2025-08-30T04:55:35+0000] [ALPM] installed getent (2.18.90-5)
[2025-08-30T04:55:35+0000] [ALPM] installed inetutils (2.6-1)
[2025-08-30T04:55:35+0000] [ALPM] installed mintty (1~3.8.0-1)
[2025-08-30T04:55:35+0000] [ALPM] installed msys2-keyring (1~20250619-1)
[2025-08-30T04:55:35+0000] [ALPM] installed msys2-launcher (1.5-3)
[2025-08-30T04:55:35+0000] [ALPM] installed nano (8.6-1)
[2025-08-30T04:55:35+0000] [ALPM] installed libgettextpo (0.22.5-1)
[2025-08-30T04:55:35+0000] [ALPM] installed libasprintf (0.22.5-1)
[2025-08-30T04:55:35+0000] [ALPM] installed gettext (0.22.5-1)
[2025-08-30T04:55:35+0000] [ALPM] installed libgpg-error (1.55-1)
[2025-08-30T04:55:35+0000] [ALPM] installed libassuan (3.0.2-1)
[2025-08-30T04:55:36+0000] [ALPM] installed libgcrypt (1.11.2-1)
[2025-08-30T04:55:36+0000] [ALPM] installed libhogweed (3.10.2-1)
[2025-08-30T04:55:36+0000] [ALPM] installed libnettle (3.10.2-1)
[2025-08-30T04:55:36+0000] [ALPM] installed libgnutls (3.8.10-1)
[2025-08-30T04:55:36+0000] [ALPM] installed libksba (1.6.7-1)
[2025-08-30T04:55:36+0000] [ALPM] installed libnpth (1.8-1)
[2025-08-30T04:55:36+0000] [ALPM] installed nettle (3.10.2-1)
[2025-08-30T04:55:36+0000] [ALPM] installed pinentry (1.3.2-1)
[2025-08-30T04:55:36+0000] [ALPM] installed gnupg (2.4.8-1)
[2025-08-30T04:55:36+0000] [ALPM] installed pacman-mirrors (20250607-1)
[2025-08-30T04:55:36+0000] [ALPM] installed which (2.23-4)
[2025-08-30T04:55:36+0000] [ALPM] installed xz (5.8.1-1)
[2025-08-30T04:55:36+0000] [ALPM] installed zstd (1.5.7-1)
[2025-08-30T04:55:37+0000] [ALPM] installed pacman (6.1.0-18)
[2025-08-30T04:55:37+0000] [ALPM] installed db (6.2.32-5)
[2025-08-30T04:55:37+0000] [ALPM] installed libgdbm (1.26-1)
[2025-08-30T04:55:37+0000] [ALPM] installed gdbm (1.26-1)
[2025-08-30T04:55:39+0000] [ALPM] installed perl (5.40.3-1)
[2025-08-30T04:55:39+0000] [ALPM] installed pacman-contrib (1.10.6-1)
[2025-08-30T04:55:39+0000] [ALPM] installed rebase (4.5.0-5)
[2025-08-30T04:55:40+0000] [ALPM] installed tar (1.35-2)
[2025-08-30T04:55:40+0000] [ALPM] installed time (1.9-3)
[2025-08-30T04:55:42+0000] [ALPM] installed tzcode (2025b-1)
[2025-08-30T04:55:42+0000] [ALPM] installed libutil-linux (2.40.2-2)
[2025-08-30T04:55:42+0000] [ALPM] installed util-linux (2.40.2-2)
[2025-08-30T04:55:42+0000] [ALPM] installed wget (1.25.0-1)
[2025-08-30T04:55:42+0000] [ALPM] installed base (2022.06-1)
[2025-08-30T04:55:42+0000] [ALPM] transaction completed
[2025-08-30T04:55:42+0000] [ALPM] running 'texinfo-install.hook'...
[2026-04-30T08:07:16+0000] [PACMAN] Running 'pacman -Syu --noconfirm'
[2026-04-30T08:07:16+0000] [PACMAN] synchronizing package lists
[2026-04-30T08:07:18+0000] [PACMAN] starting core system upgrade
[2026-04-30T08:07:20+0000] [ALPM] transaction started
[2026-04-30T08:07:20+0000] [ALPM] upgraded bash (5.2.037-2 -> 5.3.009-1)
[2026-04-30T08:07:20+0000] [ALPM] upgraded filesystem (2025.05.08-2 -> 2026.03.06-1)
[2026-04-30T08:07:20+0000] [ALPM] upgraded mintty (1~3.8.0-1 -> 1~3.8.2-1)
[2026-04-30T08:07:20+0000] [ALPM] upgraded msys2-runtime (3.6.4-1 -> 3.6.9-1)
[2026-04-30T08:07:20+0000] [ALPM] upgraded pacman-mirrors (20250607-1 -> 20260129-1)
[2026-04-30T08:07:21+0000] [ALPM] upgraded pacman (6.1.0-18 -> 6.1.0-23)
[2026-04-30T08:07:21+0000] [ALPM] transaction completed
[2026-04-30T08:07:21+0000] [PACMAN] Running 'pacman -Syu --noconfirm make mingw-w64-x86_64-diffutils mingw-w64-x86_64-gperf mingw-w64-x86_64-nasm mingw-w64-x86_64-perl mingw-w64-x86_64-pkgconf'
[2026-04-30T08:07:21+0000] [PACMAN] synchronizing package lists
[2026-04-30T08:07:23+0000] [PACMAN] starting core system upgrade
[2026-04-30T08:07:23+0000] [PACMAN] starting full system upgrade
[2026-04-30T08:07:35+0000] [ALPM] transaction started
[2026-04-30T08:07:35+0000] [ALPM] upgraded libiconv (1.18-1 -> 1.19-1)
[2026-04-30T08:07:35+0000] [ALPM] installed make (4.4.1-2)
[2026-04-30T08:07:35+0000] [ALPM] installed mingw-w64-x86_64-libsigsegv (2.13-2)
[2026-04-30T08:07:35+0000] [ALPM] installed mingw-w64-x86_64-libwinpthread (14.0.0.r14.g4761eabdd-1)
[2026-04-30T08:07:37+0000] [ALPM] installed mingw-w64-x86_64-tzdata (2026a-1)
[2026-04-30T08:07:37+0000] [ALPM] installed mingw-w64-x86_64-gcc-libs (15.2.0-14)
[2026-04-30T08:07:37+0000] [ALPM] installed mingw-w64-x86_64-libiconv (1.19-1)
[2026-04-30T08:07:37+0000] [ALPM] installed mingw-w64-x86_64-gettext-runtime (1.0-1)
[2026-04-30T08:07:37+0000] [ALPM] installed mingw-w64-x86_64-gettext-libtextstyle (1.0-1)
[2026-04-30T08:07:40+0000] [ALPM] installed mingw-w64-x86_64-gettext-tools (1.0-1)
[2026-04-30T08:07:40+0000] [ALPM] installed mingw-w64-x86_64-diffutils (3.12-1)
[2026-04-30T08:07:40+0000] [ALPM] installed mingw-w64-x86_64-gperf (3.3-1)
[2026-04-30T08:07:40+0000] [ALPM] installed mingw-w64-x86_64-zlib (1.3.2-2)
[2026-04-30T08:07:40+0000] [ALPM] installed mingw-w64-x86_64-nasm (3.01-1)
[2026-04-30T08:07:42+0000] [ALPM] installed mingw-w64-x86_64-perl (5.38.5-1)
[2026-04-30T08:07:42+0000] [ALPM-SCRIPTLET] -> Replacing perl relocation patterns
[2026-04-30T08:07:42+0000] [ALPM] installed mingw-w64-x86_64-pkgconf (1~2.5.1-1)
[2026-04-30T08:07:43+0000] [ALPM] upgraded bash-completion (2.16.0-1 -> 2.17.0-2)
[2026-04-30T08:07:43+0000] [ALPM] upgraded brotli (1.1.0-2 -> 1.2.0-1)
[2026-04-30T08:07:43+0000] [ALPM] upgraded libexpat (2.7.1-1 -> 2.8.0-1)
[2026-04-30T08:07:43+0000] [ALPM] upgraded liblzma (5.8.1-1 -> 5.8.3-1)
[2026-04-30T08:07:43+0000] [ALPM] upgraded libopenssl (3.5.2-1 -> 3.6.2-1)
[2026-04-30T08:07:43+0000] [ALPM] upgraded zlib (1.3.1-1 -> 1.3.2-1)
[2026-04-30T08:07:43+0000] [ALPM] upgraded bsdtar (3.8.1-1 -> 3.8.7-1)
[2026-04-30T08:07:43+0000] [ALPM] upgraded libnghttp3 (1.11.0-1 -> 1.15.0-1)
[2026-04-30T08:07:43+0000] [ALPM] upgraded libngtcp2 (1.15.0-1 -> 1.22.1-1)
[2026-04-30T08:07:43+0000] [ALPM] upgraded libunistring (1.3-1 -> 1.4.2-1)
[2026-04-30T08:07:43+0000] [ALPM] upgraded libnghttp2 (1.66.0-1 -> 1.69.0-1)
[2026-04-30T08:07:43+0000] [ALPM] upgraded openssl (3.5.2-1 -> 3.6.2-1)
[2026-04-30T08:07:43+0000] [ALPM] upgraded libffi (3.5.1-1 -> 3.5.2-1)
[2026-04-30T08:07:50+0000] [ALPM] upgraded ncurses (6.5.20240831-2 -> 6.6-1)
[2026-04-30T08:07:50+0000] [ALPM] upgraded libxcrypt (4.4.38-1 -> 4.5.2-1)
[2026-04-30T08:07:50+0000] [ALPM] upgraded libpcre2_8 (10.46-1 -> 10.47-1)
[2026-04-30T08:07:50+0000] [ALPM] upgraded less (679-1 -> 692-1)
[2026-04-30T08:07:50+0000] [ALPM] upgraded info (7.2-2 -> 7.2-3)
[2026-04-30T08:07:50+0000] [ALPM] upgraded libtasn1 (4.20.0-1 -> 4.21.0-1)
[2026-04-30T08:07:50+0000] [ALPM] upgraded libp11-kit (0.25.5-2 -> 0.26.2-1)
[2026-04-30T08:07:50+0000] [ALPM] upgraded p11-kit (0.25.5-2 -> 0.26.2-1)
[2026-04-30T08:07:50+0000] [ALPM] upgraded libcurl (8.15.0-2 -> 8.19.0-1)
[2026-04-30T08:07:51+0000] [ALPM] upgraded curl (8.15.0-2 -> 8.19.0-1)
[2026-04-30T08:07:51+0000] [ALPM] upgraded dash (0.5.12-1 -> 0.5.13.2-1)
[2026-04-30T08:07:51+0000] [ALPM] upgraded file (5.46-2 -> 5.47-1)
[2026-04-30T08:07:51+0000] [ALPM] upgraded libreadline (8.3.001-1 -> 8.3.003-1)
[2026-04-30T08:07:51+0000] [ALPM] upgraded gawk (5.3.2-1 -> 5.4.0-1)
[2026-04-30T08:07:51+0000] [ALPM] upgraded libargp (20241207-1 -> 20260115-1)
[2026-04-30T08:07:51+0000] [ALPM] upgraded getent (2.18.90-5 -> 2.18.90-6)
[2026-04-30T08:07:51+0000] [ALPM] upgraded libgpg-error (1.55-1 -> 1.59-1)
[2026-04-30T08:07:51+0000] [ALPM] upgraded libgcrypt (1.11.2-1 -> 1.12.2-1)
[2026-04-30T08:07:51+0000] [ALPM] upgraded libgnutls (3.8.10-1 -> 3.8.12-1)
[2026-04-30T08:07:51+0000] [ALPM] upgraded libksba (1.6.7-1 -> 1.6.8-1)
[2026-04-30T08:07:51+0000] [ALPM] upgraded libsqlite (3.50.4-1 -> 3.53.0-1)
[2026-04-30T08:07:51+0000] [ALPM] upgraded gnupg (2.4.8-1 -> 2.4.9-1)
[2026-04-30T08:08:02+0000] [ALPM-SCRIPTLET] ==> Appending keys from msys2.gpg...
[2026-04-30T08:08:03+0000] [ALPM-SCRIPTLET] ==> Updating trust database...
[2026-04-30T08:08:03+0000] [ALPM-SCRIPTLET] gpg: no need for a trustdb check
[2026-04-30T08:08:03+0000] [ALPM] upgraded inetutils (2.6-1 -> 2.7-1)
[2026-04-30T08:08:03+0000] [ALPM] upgraded msys2-keyring (1~20250619-1 -> 1~20260214-1)
[2026-04-30T08:08:03+0000] [ALPM-SCRIPTLET] ==> Appending keys from msys2.gpg...
[2026-04-30T08:08:04+0000] [ALPM-SCRIPTLET] ==> Updating trust database...
[2026-04-30T08:08:04+0000] [ALPM-SCRIPTLET] gpg: next trustdb check due at 2026-08-13
[2026-04-30T08:08:04+0000] [ALPM] upgraded nano (8.6-1 -> 9.0-1)
[2026-04-30T08:08:06+0000] [ALPM] upgraded perl (5.40.3-1 -> 5.42.2-1)
[2026-04-30T08:08:06+0000] [ALPM] upgraded tar (1.35-2 -> 1.35-3)
[2026-04-30T08:08:06+0000] [ALPM] upgraded time (1.9-3 -> 1.10-1)
[2026-04-30T08:08:09+0000] [ALPM] upgraded tzcode (2025b-1 -> 2026a-1)
[2026-04-30T08:08:09+0000] [ALPM] upgraded xz (5.8.1-1 -> 5.8.3-1)
[2026-04-30T08:08:09+0000] [ALPM] transaction completed
[2026-04-30T08:08:09+0000] [ALPM] running 'texinfo-install.hook'...
